antibody
nearby up
virus
antibody
nearby up
virus
antibody
nearby up
virus
antibody
nearby up
virus
shoot down