antibody
antibody
antibody
antibody
antibody
antibody
antibody
antibody
antibody
antibody
antibody
antibody
antibody
antibody
antibody
